Microchip MPLAB XC8 Compiler V2.45

Linker command line:

-W-3 \
  --edf=C:\Program Files\Microchip\xc8\v2.45\pic\dat\20230818022343_en.msgs \
  -cn \
  -h+dist/default/production\OnDemandTrafficLightControl.X.production.sym \
  --cmf=dist/default/production\OnDemandTrafficLightControl.X.production.cmf \
  -z -Q18F4620 -oC:\Users\20128\AppData\Local\Temp\xcAsn50.\driver_tmp_3.o \
  --defsym=__MPLAB_BUILD=1 --fixupoverflow=error \
  -Mdist/default/production/OnDemandTrafficLightControl.X.production.map \
  --md=C:\Users\20128\AppData\Local\Temp\xcAsn50.\driver_tmp_0.dat -E1 \
  -ver=XC8 Compiler --acfsm=1493 -ACODE=00h-0FFFFh -ACONST=00h-0FFFFh \
  -ASMALLCONST=01000h-010FFhx240 -AMEDIUMCONST=01000h-0FFFFh \
  -ACOMRAM=01h-07Fh -AABS1=00h-0F7Fh -ABIGRAM=01h-0F7Fh \
  -ARAM=080h-0FFh,0100h-01FFhx14,0F00h-0F7Fh -ABANK0=080h-0FFh \
  -ABANK1=0100h-01FFh -ABANK2=0200h-02FFh -ABANK3=0300h-03FFh \
  -ABANK4=0400h-04FFh -ABANK5=0500h-05FFh -ABANK6=0600h-06FFh \
  -ABANK7=0700h-07FFh -ABANK8=0800h-08FFh -ABANK9=0900h-09FFh \
  -ABANK10=0A00h-0AFFh -ABANK11=0B00h-0BFFh -ABANK12=0C00h-0CFFh \
  -ABANK13=0D00h-0DFFh -ABANK14=0E00h-0EFFh -ABANK15=0F00h-0F7Fh \
  -ASFR=0F80h-0FFFh -ABIGSFR=0F80h-0FFFh -ACONFIG=0300000h-030000Dh \
  -AIDLOC=0200000h-0200007h -AEEDATA=0F00000h-0F003FFh -peeprom_data=EEDATA \
  -preset_vec=00h,intcode=08h,intcodelo,powerup,init -pramtop=01000h \
  -psmallconst=SMALLCONST -pmediumconst=MEDIUMCONST -pconst=CONST \
  -AFARRAM=00h-00h \
  -prdata=COMRAM,nvrram=COMRAM,nvbit=COMRAM,rbss=COMRAM,rbit=COMRAM \
  -pfarbss=FARRAM,fardata=FARRAM,nvFARRAM=FARRAM \
  -pintsave_regs=BIGRAM,bigbss=BIGRAM,bigdata=BIGRAM -pbss=RAM \
  -pidata=CODE,irdata=CODE,ibigdata=CODE,ifardata=CODE -prparam=COMRAM \
  C:\Users\20128\AppData\Local\Temp\xcAsn50.\driver_tmp_9.o \
  dist/default/production\OnDemandTrafficLightControl.X.production.o 

Object code version is 3.11

Machine type is 18F4620



                Name                               Link     Load   Length Selector   Space Scale
C:\Users\20128\AppData\Local\Temp\xcAsn50.\driver_tmp_9.o
                config                           300000   300000        E        0       4
                init                                  E        E        4        4       0
                reset_vec                             0        0        4        0       0
dist/default/production\OnDemandTrafficLightControl.X.production.o
                intcode                               8        8        6        4       0
                config                           300000   300000        E        0       4
                temp                                 7C       7C        1        1       1
                smallconst                         1000     1000       2A      800       0
                text49                             2082     2082       62      815       0
                text48                             2606     2606       2E     12D5       0
                text47                             25D8     25D8       2E     12D5       0
                text46                             25AA     25AA       2E     12D5       0
                text45                             27B0     27B0       1A     12D5       0
                text44                             2796     2796       1A     12D5       0
                text43                             277C     277C       1A     12D5       0
                text42                             2762     2762       1A     12D5       0
                intcode_body                       102A     102A      296      815       0
                text40                             15D8     15D8      134      815       0
                text39                             14A4     14A4      134      815       0
                text38                             20E4     20E4       60      815       0
                text37                             2706     2706       28     12D5       0
                text36                             23DE     23DE       4C      815       0
                text35                             201C     201C       66      815       0
                text34                             1956     1956       F0      815       0
                text33                             238E     238E       50      815       0
                text32                             2500     2500       44      815       0
                text31                             242A     242A       4A      815       0
                text30                             26B4     26B4       2A     12D5       0
                text29                             268A     268A       2A     12D5       0
                text28                             2660     2660       2A     12D5       0
                text27                             1A46     1A46       A0      815       0
                text26                             1EE0     1EE0       6E      815       0
                text25                             1E72     1E72       6E      815       0
                text24                             183A     183A      11C      815       0
                text23                             1CA2     1CA2       7A      815       0
                text22                             233E     233E       50      815       0
                text21                             26DE     26DE       28     12D5       0
                text20                             2144     2144       58      815       0
                text19                             27CA     27CA       12     12D5       0
                text18                             1FB6     1FB6       66      815       0
                text17                             1E02     1E02       70      815       0
                text16                             1B82     1B82       94      815       0
                text15                             1D1C     1D1C       74      815       0
                text14                             2748     2748       1A     12D5       0
                text13                             2246     2246       54      815       0
                text12                             21F2     21F2       54      815       0
                text11                             1F4E     1F4E       68      815       0
                text10                             1AE6     1AE6       9C      815       0
                text9                              22EC     22EC       52      815       0
                text8                              1D90     1D90       72      815       0
                text7                              24BA     24BA       46      815       0
                text6                              229A     229A       52      815       0
                text5                              272E     272E       1A     12D5       0
                text4                              1C16     1C16       8C      815       0
                text3                              2634     2634       2C     12D5       0
                text2                              2474     2474       46      815       0
                text1                              170C     170C      12E      815       0
                text0                              12C0     12C0      1E4      815       0
                cstackCOMRAM                         36       36       2B        1       1
                cstackBANK0                          B0       B0        3       80       1
                dataBANK0                            80       80       30       80       1
                dataCOMRAM                            1        1       35        1       1
                bssCOMRAM                            61       61       1A        1       1
                cinit                              219C     219C       56      815       0
                nvBANK0                              B3       B3        1       80       1
                nvCOMRAM                             7B       7B        1        1       1
                idataBANK0                         2579     2579       30      815       0
                idataCOMRAM                        2544     2544       35      815       0

TOTAL           Name                               Link     Load   Length     Space
        CLASS   CODE           
                intcode                               8        8        6         0
                init                                  E        E        4         0
                reset_vec                             0        0        4         0
                text49                             2082     2082       62         0
                text48                             2606     2606       2E         0
                text47                             25D8     25D8       2E         0
                text46                             25AA     25AA       2E         0
                text45                             27B0     27B0       1A         0
                text44                             2796     2796       1A         0
                text43                             277C     277C       1A         0
                text42                             2762     2762       1A         0
                intcode_body                       102A     102A      296         0
                text40                             15D8     15D8      134         0
                text39                             14A4     14A4      134         0
                text38                             20E4     20E4       60         0
                text37                             2706     2706       28         0
                text36                             23DE     23DE       4C         0
                text35                             201C     201C       66         0
                text34                             1956     1956       F0         0
                text33                             238E     238E       50         0
                text32                             2500     2500       44         0
                text31                             242A     242A       4A         0
                text30                             26B4     26B4       2A         0
                text29                             268A     268A       2A         0
                text28                             2660     2660       2A         0
                text27                             1A46     1A46       A0         0
                text26                             1EE0     1EE0       6E         0
                text25                             1E72     1E72       6E         0
                text24                             183A     183A      11C         0
                text23                             1CA2     1CA2       7A         0
                text22                             233E     233E       50         0
                text21                             26DE     26DE       28         0
                text20                             2144     2144       58         0
                text19                             27CA     27CA       12         0
                text18                             1FB6     1FB6       66         0
                text17                             1E02     1E02       70         0
                text16                             1B82     1B82       94         0
                text15                             1D1C     1D1C       74         0
                text14                             2748     2748       1A         0
                text13                             2246     2246       54         0
                text12                             21F2     21F2       54         0
                text11                             1F4E     1F4E       68         0
                text10                             1AE6     1AE6       9C         0
                text9                              22EC     22EC       52         0
                text8                              1D90     1D90       72         0
                text7                              24BA     24BA       46         0
                text6                              229A     229A       52         0
                text5                              272E     272E       1A         0
                text4                              1C16     1C16       8C         0
                text3                              2634     2634       2C         0
                text2                              2474     2474       46         0
                text1                              170C     170C      12E         0
                text0                              12C0     12C0      1E4         0
                cinit                              219C     219C       56         0
                idataBANK0                         2579     2579       30         0
                idataCOMRAM                        2544     2544       35         0

        CLASS   CONST          

        CLASS   SMALLCONST     
                smallconst                         1000     1000       2A         0

        CLASS   MEDIUMCONST    

        CLASS   COMRAM         
                temp                                 7C       7C        1         1
                cstackCOMRAM                         36       36       2B         1
                dataCOMRAM                            1        1       35         1
                bssCOMRAM                            61       61       1A         1
                nvCOMRAM                             7B       7B        1         1

        CLASS   ABS1           

        CLASS   BIGRAM         

        CLASS   RAM            

        CLASS   BANK0          
                cstackBANK0                          B0       B0        3         1
                dataBANK0                            80       80       30         1
                nvBANK0                              B3       B3        1         1

        CLASS   BANK1          

        CLASS   BANK2          

        CLASS   BANK3          

        CLASS   BANK4          

        CLASS   BANK5          

        CLASS   BANK6          

        CLASS   BANK7          

        CLASS   BANK8          

        CLASS   BANK9          

        CLASS   BANK10         

        CLASS   BANK11         

        CLASS   BANK12         

        CLASS   BANK13         

        CLASS   BANK14         

        CLASS   BANK15         

        CLASS   SFR            

        CLASS   BIGSFR         

        CLASS   CONFIG         
                config                           300000   300000        E         4

        CLASS   IDLOC          

        CLASS   EEDATA         

        CLASS   FARRAM         

        CLASS   HEAP           

        CLASS   STACK          



SEGMENTS        Name                           Load    Length   Top    Selector   Space  Class

                reset_vec                      000000  000004  000004         0       0  CODE    
                dataCOMRAM                     000001  00007C  00007D         1       1  COMRAM  
                intcode                        000008  00000A  000012         4       0  CODE    
                dataBANK0                      000080  000034  0000B4        80       1  BANK0   
                smallconst                     001000  00002A  00102A       800       0  SMALLCON
                intcode_body                   00102A  00157F  0025A9       815       0  CODE    
                text46                         0025AA  000232  0027DC      12D5       0  CODE    


UNUSED ADDRESS RANGES

        Name                Unused          Largest block    Delta
        BANK0            0000B4-0000FF               4C
        BANK1            000100-0001FF              100
        BANK10           000A00-000AFF              100
        BANK11           000B00-000BFF              100
        BANK12           000C00-000CFF              100
        BANK13           000D00-000DFF              100
        BANK14           000E00-000EFF              100
        BANK15           000F00-000F7F               80
        BANK2            000200-0002FF              100
        BANK3            000300-0003FF              100
        BANK4            000400-0004FF              100
        BANK5            000500-0005FF              100
        BANK6            000600-0006FF              100
        BANK7            000700-0007FF              100
        BANK8            000800-0008FF              100
        BANK9            000900-0009FF              100
        BIGRAM           00007D-00007F                3
                         0000B4-000F7F              ECC
        BIGSFR           000F80-000FFF               80
        CODE             000004-000007                4
                         000012-000FFF              FEE
                         0025A9-0025A9                1
                         0027DC-00FFFF             D824
        COMRAM           00007D-00007F                3
        CONST            000004-000007                4
                         000012-000FFF              FEE
                         0025A9-0025A9                1
                         0027DC-00FFFF             D824
        EEDATA           F00000-F003FF              400
        IDLOC            200000-200007                8
        MEDIUMCONST      0025A9-0025A9                1
                         0027DC-00FFFF             D824
        RAM              0000B4-000F7F              100
        SFR              000F80-000FFF               80
        SMALLCONST       0025A9-0025A9                1
                         0027DC-00FFFF              100

                                  Symbol Table

INT0_set_InterruptHandler@InterruptHandler cstackCOMRAM 000039
INT0_set_InterruptHandler@ret              cstackCOMRAM 00003B
INT1_set_InterruptHandler@InterruptHandler cstackCOMRAM 000039
INT1_set_InterruptHandler@ret              cstackCOMRAM 00003B
INT2_set_InterruptHandler@InterruptHandler cstackCOMRAM 000039
INT2_set_InterruptHandler@ret              cstackCOMRAM 00003B
INTx_select_InterruptHandler@_interrupt    cstackCOMRAM 00003C
INTx_select_InterruptHandler@ret           cstackCOMRAM 00003F
RB4_ISR@RB4_Source                         cstackCOMRAM 000036
RB5_ISR@RB5_Source                         cstackCOMRAM 000036
RB6_ISR@RB6_Source                         cstackCOMRAM 000036
RB7_ISR@RB7_Source                         cstackCOMRAM 000036
_APP_INT_ISR                               text49       002082
_INT0_ISR                                  text48       002606
_INT0_InterruptHandler                     bssCOMRAM    000075
_INT0_set_InterruptHandler                 text30       0026B4
_INT1_ISR                                  text47       0025D8
_INT1_InterruptHandler                     bssCOMRAM    000073
_INT1_set_InterruptHandler                 text29       00268A
_INT2_ISR                                  text46       0025AA
_INT2_InterruptHandler                     bssCOMRAM    000071
_INT2_set_InterruptHandler                 text28       002660
_INTCON2bits                               (abs)        000FF1
_INTCON3bits                               (abs)        000FF0
_INTCONbits                                (abs)        000FF2
_INTx_select_InterruptHandler              text27       001A46
_InterruptManager                          intcode      000008
_LATA                                      (abs)        000F89
_LATB                                      (abs)        000F8A
_LATC                                      (abs)        000F8B
_LATD                                      (abs)        000F8C
_LATE                                      (abs)        000F8D
_MY_INT0                                   dataBANK0    0000AA
_PORTA                                     (abs)        000F80
_PORTB                                     (abs)        000F81
_PORTBbits                                 (abs)        000F81
_PORTC                                     (abs)        000F82
_PORTCbits                                 (abs)        000F82
_PORTD                                     (abs)        000F83
_PORTE                                     (abs)        000F84
_RB4_Flag                                  dataCOMRAM   000018
_RB4_ISR                                   text45       0027B0
_RB4_InterruptHandler_high                 bssCOMRAM    00006F
_RB4_InterruptHandler_low                  bssCOMRAM    00006D
_RB5_Flag                                  dataCOMRAM   000017
_RB5_ISR                                   text44       002796
_RB5_InterruptHandler_high                 bssCOMRAM    00006B
_RB5_InterruptHandler_low                  bssCOMRAM    000069
_RB6_Flag                                  dataCOMRAM   000016
_RB6_ISR                                   text43       00277C
_RB6_InterruptHandler_high                 bssCOMRAM    000067
_RB6_InterruptHandler_low                  bssCOMRAM    000065
_RB7_Flag                                  dataCOMRAM   000015
_RB7_ISR                                   text42       002762
_RB7_InterruptHandler_high                 bssCOMRAM    000063
_RB7_InterruptHandler_low                  bssCOMRAM    000061
_TRISA                                     (abs)        000F92
_TRISB                                     (abs)        000F93
_TRISC                                     (abs)        000F94
_TRISD                                     (abs)        000F95
_TRISE                                     (abs)        000F96
__HRAM                                     (abs)        000000
__H__absolute__                            __absolute__ 000000
__Habs1                                    abs1         000000
__Hbank0                                   bank0        000000
__Hbank1                                   bank1        000000
__Hbank10                                  bank10       000000
__Hbank11                                  bank11       000000
__Hbank12                                  bank12       000000
__Hbank13                                  bank13       000000
__Hbank14                                  bank14       000000
__Hbank15                                  bank15       000000
__Hbank2                                   bank2        000000
__Hbank3                                   bank3        000000
__Hbank4                                   bank4        000000
__Hbank5                                   bank5        000000
__Hbank6                                   bank6        000000
__Hbank7                                   bank7        000000
__Hbank8                                   bank8        000000
__Hbank9                                   bank9        000000
__Hbigbss                                  bigbss       000000
__Hbigdata                                 bigdata      000000
__Hbigram                                  bigram       000000
__Hbigsfr                                  bigsfr       000000
__Hbss                                     bss          000000
__HbssCOMRAM                               bssCOMRAM    000000
__Hcinit                                   cinit        000000
__Hclrtext                                 clrtext      000000
__Hcomram                                  comram       000000
__Hconfig                                  config       30000E
__Hconst                                   const        000000
__HcstackBANK0                             cstackBANK0  000000
__HcstackCOMRAM                            cstackCOMRAM 000000
__Hdata                                    data         000000
__HdataBANK0                               dataBANK0    000000
__HdataCOMRAM                              dataCOMRAM   000000
__Heeprom_data                             eeprom_data  000000
__Hfarbss                                  farbss       000000
__Hfardata                                 fardata      000000
__Hheap                                    heap         000000
__Hibigdata                                ibigdata     000000
__Hidata                                   idata        000000
__HidataBANK0                              idataBANK0   000000
__HidataCOMRAM                             idataCOMRAM  000000
__Hidloc                                   idloc        000000
__Hifardata                                ifardata     000000
__Hinit                                    init         000012
__Hintcode                                 intcode      00000E
__Hintcode_body                            intcode_body 000000
__Hintcodelo                               intcodelo    00000E
__Hintentry                                intentry     000000
__Hintret                                  intret       000000
__Hintsave_regs                            intsave_regs 000000
__Hirdata                                  irdata       000000
__Hmediumconst                             mediumconst  000000
__HnvBANK0                                 nvBANK0      000000
__HnvCOMRAM                                nvCOMRAM     000000
__HnvFARRAM                                nvFARRAM     000000
__Hnvbit                                   nvbit        000000
__Hnvrram                                  nvrram       000000
__Hparam                                   rparam       000000
__Hpowerup                                 powerup      00000E
__Hram                                     ram          000000
__Hramtop                                  ramtop       001000
__Hrbit                                    rbit         000000
__Hrbss                                    rbss         000000
__Hrdata                                   rdata        000000
__Hreset_vec                               reset_vec    000004
__Hrparam                                  rparam       000000
__Hsfr                                     sfr          000000
__Hsmallconst                              smallconst   00102A
__Hspace_0                                 (abs)        0027DC
__Hspace_1                                 (abs)        0000B4
__Hspace_2                                 (abs)        000000
__Hspace_4                                 (abs)        60000E
__Hstack                                   stack        000000
__Hstruct                                  struct       000000
__Htemp                                    temp         00007D
__Htext                                    text         000000
__Htext0                                   text0        000000
__Htext1                                   text1        000000
__Htext10                                  text10       000000
__Htext11                                  text11       000000
__Htext12                                  text12       000000
__Htext13                                  text13       000000
__Htext14                                  text14       000000
__Htext15                                  text15       000000
__Htext16                                  text16       000000
__Htext17                                  text17       000000
__Htext18                                  text18       000000
__Htext19                                  text19       000000
__Htext2                                   text2        000000
__Htext20                                  text20       000000
__Htext21                                  text21       000000
__Htext22                                  text22       000000
__Htext23                                  text23       000000
__Htext24                                  text24       000000
__Htext25                                  text25       000000
__Htext26                                  text26       000000
__Htext27                                  text27       000000
__Htext28                                  text28       000000
__Htext29                                  text29       000000
__Htext3                                   text3        000000
__Htext30                                  text30       000000
__Htext31                                  text31       000000
__Htext32                                  text32       000000
__Htext33                                  text33       000000
__Htext34                                  text34       000000
__Htext35                                  text35       000000
__Htext36                                  text36       000000
__Htext37                                  text37       000000
__Htext38                                  text38       000000
__Htext39                                  text39       000000
__Htext4                                   text4        000000
__Htext40                                  text40       000000
__Htext42                                  text42       000000
__Htext43                                  text43       000000
__Htext44                                  text44       000000
__Htext45                                  text45       000000
__Htext46                                  text46       000000
__Htext47                                  text47       000000
__Htext48                                  text48       000000
__Htext49                                  text49       000000
__Htext5                                   text5        000000
__Htext50                                  text50       000000
__Htext6                                   text6        000000
__Htext7                                   text7        000000
__Htext8                                   text8        000000
__Htext9                                   text9        000000
__LRAM                                     (abs)        000001
__L__absolute__                            __absolute__ 000000
__Labs1                                    abs1         000000
__Lbank0                                   bank0        000000
__Lbank1                                   bank1        000000
__Lbank10                                  bank10       000000
__Lbank11                                  bank11       000000
__Lbank12                                  bank12       000000
__Lbank13                                  bank13       000000
__Lbank14                                  bank14       000000
__Lbank15                                  bank15       000000
__Lbank2                                   bank2        000000
__Lbank3                                   bank3        000000
__Lbank4                                   bank4        000000
__Lbank5                                   bank5        000000
__Lbank6                                   bank6        000000
__Lbank7                                   bank7        000000
__Lbank8                                   bank8        000000
__Lbank9                                   bank9        000000
__Lbigbss                                  bigbss       000000
__Lbigdata                                 bigdata      000000
__Lbigram                                  bigram       000000
__Lbigsfr                                  bigsfr       000000
__Lbss                                     bss          000000
__LbssCOMRAM                               bssCOMRAM    000000
__Lcinit                                   cinit        000000
__Lclrtext                                 clrtext      000000
__Lcomram                                  comram       000000
__Lconfig                                  config       000000
__Lconst                                   const        000000
__LcstackBANK0                             cstackBANK0  000000
__LcstackCOMRAM                            cstackCOMRAM 000000
__Ldata                                    data         000000
__LdataBANK0                               dataBANK0    000000
__LdataCOMRAM                              dataCOMRAM   000000
__Leeprom_data                             eeprom_data  000000
__Lfarbss                                  farbss       000000
__Lfardata                                 fardata      000000
__Lheap                                    heap         000000
__Libigdata                                ibigdata     000000
__Lidata                                   idata        000000
__LidataBANK0                              idataBANK0   000000
__LidataCOMRAM                             idataCOMRAM  000000
__Lidloc                                   idloc        000000
__Lifardata                                ifardata     000000
__Linit                                    init         00000E
__Lintcode                                 intcode      000008
__Lintcode_body                            intcode_body 000000
__Lintcodelo                               intcodelo    00000E
__Lintentry                                intentry     000000
__Lintret                                  intret       000000
__Lintsave_regs                            intsave_regs 000000
__Lirdata                                  irdata       000000
__Lmediumconst                             mediumconst  000000
__LnvBANK0                                 nvBANK0      000000
__LnvCOMRAM                                nvCOMRAM     000000
__LnvFARRAM                                nvFARRAM     000000
__Lnvbit                                   nvbit        000000
__Lnvrram                                  nvrram       000000
__Lparam                                   rparam       000000
__Lpowerup                                 powerup      00000E
__Lram                                     ram          000000
__Lramtop                                  ramtop       001000
__Lrbit                                    rbit         000000
__Lrbss                                    rbss         000000
__Lrdata                                   rdata        000000
__Lreset_vec                               reset_vec    000000
__Lrparam                                  rparam       000000
__Lsfr                                     sfr          000000
__Lsmallconst                              smallconst   001000
__Lspace_0                                 (abs)        000000
__Lspace_1                                 (abs)        000000
__Lspace_2                                 (abs)        000000
__Lspace_4                                 (abs)        000000
__Lstack                                   stack        000000
__Lstruct                                  struct       000000
__Ltemp                                    temp         00007C
__Ltext                                    text         000000
__Ltext0                                   text0        000000
__Ltext1                                   text1        000000
__Ltext10                                  text10       000000
__Ltext11                                  text11       000000
__Ltext12                                  text12       000000
__Ltext13                                  text13       000000
__Ltext14                                  text14       000000
__Ltext15                                  text15       000000
__Ltext16                                  text16       000000
__Ltext17                                  text17       000000
__Ltext18                                  text18       000000
__Ltext19                                  text19       000000
__Ltext2                                   text2        000000
__Ltext20                                  text20       000000
__Ltext21                                  text21       000000
__Ltext22                                  text22       000000
__Ltext23                                  text23       000000
__Ltext24                                  text24       000000
__Ltext25                                  text25       000000
__Ltext26                                  text26       000000
__Ltext27                                  text27       000000
__Ltext28                                  text28       000000
__Ltext29                                  text29       000000
__Ltext3                                   text3        000000
__Ltext30                                  text30       000000
__Ltext31                                  text31       000000
__Ltext32                                  text32       000000
__Ltext33                                  text33       000000
__Ltext34                                  text34       000000
__Ltext35                                  text35       000000
__Ltext36                                  text36       000000
__Ltext37                                  text37       000000
__Ltext38                                  text38       000000
__Ltext39                                  text39       000000
__Ltext4                                   text4        000000
__Ltext40                                  text40       000000
__Ltext42                                  text42       000000
__Ltext43                                  text43       000000
__Ltext44                                  text44       000000
__Ltext45                                  text45       000000
__Ltext46                                  text46       000000
__Ltext47                                  text47       000000
__Ltext48                                  text48       000000
__Ltext49                                  text49       000000
__Ltext5                                   text5        000000
__Ltext50                                  text50       000000
__Ltext6                                   text6        000000
__Ltext7                                   text7        000000
__Ltext8                                   text8        000000
__Ltext9                                   text9        000000
__S0                                       (abs)        0027DC
__S1                                       (abs)        0000B4
__S4                                       (abs)        000000
__S5                                       (abs)        000000
___heap_hi                                 (abs)        000000
___heap_lo                                 (abs)        000000
___inthi_sp                                stack        000000
___inthi_stack_hi                          stack        000000
___inthi_stack_lo                          stack        000000
___intlo_sp                                stack        000000
___intlo_stack_hi                          stack        000000
___intlo_stack_lo                          stack        000000
___param_bank                              (abs)        000000
___rparam_used                             (abs)        000001
___sp                                      stack        000000
___stack_hi                                stack        000000
___stack_lo                                stack        000000
__accesstop                                (abs)        000080
__activetblptr                             (abs)        000003
__end_of_APP_INT_ISR                       text49       0020E4
__end_of_INT0_ISR                          text48       002634
__end_of_INT0_set_InterruptHandler         text30       0026DE
__end_of_INT1_ISR                          text47       002606
__end_of_INT1_set_InterruptHandler         text29       0026B4
__end_of_INT2_ISR                          text46       0025D8
__end_of_INT2_set_InterruptHandler         text28       00268A
__end_of_INTx_select_InterruptHandler      text27       001AE6
__end_of_InterruptManager                  intcode_body 0012C0
__end_of_RB4_ISR                           text45       0027CA
__end_of_RB5_ISR                           text44       0027B0
__end_of_RB6_ISR                           text43       002796
__end_of_RB7_ISR                           text42       00277C
__end_of__initialization                   cinit        0021E8
__end_of_app_init                          text19       0027DC
__end_of_ecual_init                        text31       002474
__end_of_gpio_pin_direction_init           text40       00170C
__end_of_gpio_pin_input_init               text22       00238E
__end_of_gpio_pin_logic_write              text39       0015D8
__end_of_gpio_pin_output_low_init          text38       002144
__end_of_gpio_pin_toggle_logic             text4        001CA2
__end_of_harry_up_sign                     text14       002762
__end_of_interrupt_INTx_clear_flag         text26       001F4E
__end_of_interrupt_INTx_disable            text25       001EE0
__end_of_interrupt_INTx_edge_init          text24       001956
__end_of_interrupt_INTx_enable             text23       001D1C
__end_of_interrupt_INTx_init               text20       00219C
__end_of_interrupt_INTx_pin_init           text21       002706
__end_of_lcd_init                          text34       001A46
__end_of_lcd_send_char_data                text18       00201C
__end_of_lcd_send_char_data_pos            text11       001FB6
__end_of_lcd_send_command                  text35       002082
__end_of_lcd_send_custom_char              text10       001B82
__end_of_lcd_send_enable                   text37       00272E
__end_of_lcd_send_nbits                    text36       00242A
__end_of_lcd_send_string                   text17       001E72
__end_of_lcd_send_string_pos               text15       001D90
__end_of_lcd_set_curser                    text16       001C16
__end_of_led_init                          text33       0023DE
__end_of_led_off                           text13       00229A
__end_of_led_on                            text12       002246
__end_of_led_toggle                        text3        002660
__end_of_main                              text0        0014A4
__end_of_modes_checker                     text1        00183A
__end_of_move_sign                         text9        00233E
__end_of_pedestrian_green_traffic_counter  text7        002500
__end_of_seven_segment_init                text32       002544
__end_of_seven_segment_write               text8        001E02
__end_of_stop_sign                         text6        0022EC
__end_of_wait_sign                         text5        002748
__end_of_yellow_leds_toggle                text2        0024BA
__initialization                           cinit        00219C
__mediumconst                              mediumconst  000000
__pbssCOMRAM                               bssCOMRAM    000061
__pcinit                                   cinit        00219C
__pcstackBANK0                             cstackBANK0  0000B0
__pcstackCOMRAM                            cstackCOMRAM 000036
__pdataBANK0                               dataBANK0    000080
__pdataCOMRAM                              dataCOMRAM   000001
__pidataBANK0                              idataBANK0   002579
__pidataCOMRAM                             idataCOMRAM  002544
__pintcode                                 intcode      000008
__pintcode_body                            intcode_body 00102A
__pnvBANK0                                 nvBANK0      0000B3
__pnvCOMRAM                                nvCOMRAM     00007B
__psmallconst                              smallconst   001000
__ptext0                                   text0        0012C0
__ptext1                                   text1        00170C
__ptext10                                  text10       001AE6
__ptext11                                  text11       001F4E
__ptext12                                  text12       0021F2
__ptext13                                  text13       002246
__ptext14                                  text14       002748
__ptext15                                  text15       001D1C
__ptext16                                  text16       001B82
__ptext17                                  text17       001E02
__ptext18                                  text18       001FB6
__ptext19                                  text19       0027CA
__ptext2                                   text2        002474
__ptext20                                  text20       002144
__ptext21                                  text21       0026DE
__ptext22                                  text22       00233E
__ptext23                                  text23       001CA2
__ptext24                                  text24       00183A
__ptext25                                  text25       001E72
__ptext26                                  text26       001EE0
__ptext27                                  text27       001A46
__ptext28                                  text28       002660
__ptext29                                  text29       00268A
__ptext3                                   text3        002634
__ptext30                                  text30       0026B4
__ptext31                                  text31       00242A
__ptext32                                  text32       002500
__ptext33                                  text33       00238E
__ptext34                                  text34       001956
__ptext35                                  text35       00201C
__ptext36                                  text36       0023DE
__ptext37                                  text37       002706
__ptext38                                  text38       0020E4
__ptext39                                  text39       0014A4
__ptext4                                   text4        001C16
__ptext40                                  text40       0015D8
__ptext42                                  text42       002762
__ptext43                                  text43       00277C
__ptext44                                  text44       002796
__ptext45                                  text45       0027B0
__ptext46                                  text46       0025AA
__ptext47                                  text47       0025D8
__ptext48                                  text48       002606
__ptext49                                  text49       002082
__ptext5                                   text5        00272E
__ptext50                                  text50       000000
__ptext6                                   text6        00229A
__ptext7                                   text7        0024BA
__ptext8                                   text8        001D90
__ptext9                                   text9        0022EC
__ramtop                                   ramtop       001000
__smallconst                               smallconst   001000
_app_init                                  text19       0027CA
_car_led_green                             dataCOMRAM   000030
_car_led_red                               dataCOMRAM   000034
_car_led_yellow                            dataCOMRAM   000032
_counter                                   nvCOMRAM     00007B
_customChar1                               dataBANK0    0000A2
_customChar2                               dataBANK0    00009A
_customChar3                               dataBANK0    000092
_customChar4                               dataBANK0    00008A
_ecual_init                                text31       00242A
_flag_mode                                 bssCOMRAM    000077
_gpio_pin_direction_init                   text40       0015D8
_gpio_pin_input_init                       text22       00233E
_gpio_pin_logic_write                      text39       0014A4
_gpio_pin_output_low_init                  text38       0020E4
_gpio_pin_toggle_logic                     text4        001C16
_harry_up_sign                             text14       002748
_interrupt_INTx_clear_flag                 text26       001EE0
_interrupt_INTx_disable                    text25       001E72
_interrupt_INTx_edge_init                  text24       00183A
_interrupt_INTx_enable                     text23       001CA2
_interrupt_INTx_init                       text20       002144
_interrupt_INTx_pin_init                   text21       0026DE
_latx                                      dataCOMRAM   000001
_lcd                                       dataCOMRAM   00001A
_lcd_init                                  text34       001956
_lcd_send_char_data                        text18       001FB6
_lcd_send_char_data_pos                    text11       001F4E
_lcd_send_command                          text35       00201C
_lcd_send_custom_char                      text10       001AE6
_lcd_send_enable                           text37       002706
_lcd_send_nbits                            text36       0023DE
_lcd_send_string                           text17       001E02
_lcd_send_string_pos                       text15       001D1C
_lcd_set_curser                            text16       001B82
_led_init                                  text33       00238E
_led_off                                   text13       002246
_led_on                                    text12       0021F2
_led_toggle                                text3        002634
_main                                      text0        0012C0
_modes_checker                             text1        00170C
_move_sign                                 text9        0022EC
_n                                         dataCOMRAM   000019
_pedestrian_green_traffic_counter          text7        0024BA
_pedestrian_led_green                      dataCOMRAM   00002A
_pedestrian_led_red                        dataCOMRAM   00002E
_pedestrian_led_yellow                     dataCOMRAM   00002C
_portx                                     dataBANK0    000080
_ret                                       nvBANK0      0000B3
_seg_green                                 dataCOMRAM   000020
_seg_red                                   dataCOMRAM   000025
_seven_segment_init                        text32       002500
_seven_segment_write                       text8        001D90
_stop_sign                                 text6        00229A
_trisx                                     dataCOMRAM   00000B
_wait_sign                                 text5        00272E
_yellow_leds_toggle                        text2        002474
btemp                                      temp         00007C
end_of_initialization                      cinit        0021E8
gpio_pin_direction_init@pin                cstackCOMRAM 000039
gpio_pin_direction_init@pin_direction      cstackCOMRAM 00003A
gpio_pin_direction_init@ret                cstackCOMRAM 000040
gpio_pin_input_init@gpio_ret               cstackCOMRAM 000043
gpio_pin_input_init@pin                    cstackCOMRAM 000041
gpio_pin_input_init@ret                    cstackCOMRAM 000044
gpio_pin_logic_write@pin                   cstackCOMRAM 000039
gpio_pin_logic_write@pin_logic             cstackCOMRAM 00003A
gpio_pin_logic_write@ret                   cstackCOMRAM 000040
gpio_pin_output_low_init@gpio_ret          cstackCOMRAM 000043
gpio_pin_output_low_init@pin               cstackCOMRAM 000041
gpio_pin_output_low_init@ret               cstackCOMRAM 000044
gpio_pin_toggle_logic@pin                  cstackCOMRAM 000039
gpio_pin_toggle_logic@ret                  cstackCOMRAM 00003E
int$flags                                  temp         00007C
int_func                                   intcode_body 00102A
interrupt_INTx_clear_flag@_interrupt       cstackCOMRAM 000039
interrupt_INTx_clear_flag@ret              cstackCOMRAM 00003C
interrupt_INTx_disable@_interrupt          cstackCOMRAM 000039
interrupt_INTx_disable@ret                 cstackCOMRAM 00003C
interrupt_INTx_edge_init@_interrupt        cstackCOMRAM 000039
interrupt_INTx_edge_init@ret               cstackCOMRAM 00003C
interrupt_INTx_enable@_interrupt           cstackCOMRAM 000039
interrupt_INTx_enable@ret                  cstackCOMRAM 00003C
interrupt_INTx_init@_interrupt             cstackCOMRAM 000047
interrupt_INTx_init@ret                    cstackCOMRAM 000048
interrupt_INTx_pin_init@_interrupt         cstackCOMRAM 000045
interrupt_INTx_pin_init@ret                cstackCOMRAM 000046
intlevel0                                  text         000000
intlevel1                                  text         000000
intlevel2                                  text         000000
intlevel3                                  text         000000
isa$std                                    (abs)        000001
isa$xinst                                  (abs)        000000
lcd_init@gpio_ret                          cstackCOMRAM 00004E
lcd_init@lcd                               cstackCOMRAM 00004C
lcd_init@lcd_ret                           cstackCOMRAM 000051
lcd_init@pins_counter                      cstackCOMRAM 000050
lcd_init@ret                               cstackCOMRAM 00004F
lcd_send_char_data@data                    cstackCOMRAM 000048
lcd_send_char_data@gpio_ret                cstackCOMRAM 000049
lcd_send_char_data@lcd                     cstackCOMRAM 000047
lcd_send_char_data@lcd_ret                 cstackCOMRAM 00004A
lcd_send_char_data@ret                     cstackCOMRAM 00004B
lcd_send_char_data_pos@column              cstackCOMRAM 000055
lcd_send_char_data_pos@data                cstackCOMRAM 000056
lcd_send_char_data_pos@gpio_ret            cstackCOMRAM 000057
lcd_send_char_data_pos@lcd                 cstackCOMRAM 000053
lcd_send_char_data_pos@lcd_ret             cstackCOMRAM 000058
lcd_send_char_data_pos@ret                 cstackCOMRAM 000059
lcd_send_char_data_pos@row                 cstackCOMRAM 000054
lcd_send_command@command                   cstackCOMRAM 000048
lcd_send_command@gpio_ret                  cstackCOMRAM 000049
lcd_send_command@lcd                       cstackCOMRAM 000047
lcd_send_command@lcd_ret                   cstackCOMRAM 00004A
lcd_send_command@ret                       cstackCOMRAM 00004B
lcd_send_custom_char@_chr                  cstackCOMRAM 00005D
lcd_send_custom_char@column                cstackCOMRAM 00005C
lcd_send_custom_char@counter               bssCOMRAM    000078
lcd_send_custom_char@gpio_ret              cstackBANK0  0000B0
lcd_send_custom_char@lcd                   cstackCOMRAM 00005A
lcd_send_custom_char@lcd_ret               cstackBANK0  0000B1
lcd_send_custom_char@mem_pos               cstackCOMRAM 00005E
lcd_send_custom_char@ret                   cstackBANK0  0000B2
lcd_send_custom_char@row                   cstackCOMRAM 00005B
lcd_send_enable@gpio_ret                   cstackCOMRAM 000042
lcd_send_enable@lcd                        cstackCOMRAM 000041
lcd_send_nbits@data_or_command             cstackCOMRAM 000042
lcd_send_nbits@lcd                         cstackCOMRAM 000041
lcd_send_nbits@pin_counter                 cstackCOMRAM 000046
lcd_send_nbits@ret                         cstackCOMRAM 000045
lcd_send_string@gpio_ret                   cstackCOMRAM 00004E
lcd_send_string@lcd                        cstackCOMRAM 00004C
lcd_send_string@lcd_ret                    cstackCOMRAM 00004F
lcd_send_string@ret                        cstackCOMRAM 000050
lcd_send_string@str                        cstackCOMRAM 00004D
lcd_send_string_pos@column                 cstackCOMRAM 000055
lcd_send_string_pos@gpio_ret               cstackCOMRAM 000057
lcd_send_string_pos@lcd                    cstackCOMRAM 000053
lcd_send_string_pos@lcd_ret                cstackCOMRAM 000058
lcd_send_string_pos@ret                    cstackCOMRAM 000059
lcd_send_string_pos@row                    cstackCOMRAM 000054
lcd_send_string_pos@str                    cstackCOMRAM 000056
lcd_set_curser@column                      cstackCOMRAM 00004E
lcd_set_curser@gpio_ret                    cstackCOMRAM 000051
lcd_set_curser@lcd                         cstackCOMRAM 00004C
lcd_set_curser@lcd_ret                     cstackCOMRAM 000052
lcd_set_curser@row                         cstackCOMRAM 00004D
led_init@gpio_ret                          cstackCOMRAM 000046
led_init@led                               cstackCOMRAM 000045
led_init@ret                               cstackCOMRAM 000047
led_off@gpio_ret                           cstackCOMRAM 000042
led_off@led                                cstackCOMRAM 000041
led_off@ret                                cstackCOMRAM 000043
led_on@gpio_ret                            cstackCOMRAM 000042
led_on@led                                 cstackCOMRAM 000041
led_on@ret                                 cstackCOMRAM 000043
led_toggle@gpio_ret                        cstackCOMRAM 000040
led_toggle@led                             cstackCOMRAM 00003F
led_toggle@ret                             cstackCOMRAM 000041
pedestrian_green_traffic_counter@counter   cstackCOMRAM 00004A
pedestrian_green_traffic_counter@time      cstackCOMRAM 000049
seven_segment_init@counter                 bssCOMRAM    00007A
seven_segment_init@gpio_ret                cstackCOMRAM 000046
seven_segment_init@ret                     cstackCOMRAM 000047
seven_segment_init@seg                     cstackCOMRAM 000045
seven_segment_write@counter                bssCOMRAM    000079
seven_segment_write@gpio_ret               cstackCOMRAM 000045
seven_segment_write@num                    cstackCOMRAM 000042
seven_segment_write@ret                    cstackCOMRAM 000046
seven_segment_write@seg                    cstackCOMRAM 000041
stackhi                                    (abs)        000000
stacklo                                    (abs)        000000
start                                      init         00000E
start_initialization                       cinit        00219C
ttemp5                                     temp         00007D
ttemp6                                     temp         000080
ttemp7                                     temp         000084
wtemp8                                     temp         00007D
yellow_leds_toggle@counter                 cstackCOMRAM 000044


MODULE INFORMATION

Module		Function		Class		Link	Load	Size
ECUAL/LCD/lcd.c
		_lcd_send_command		CODE           	201C	0000	102
		_lcd_send_nbits		CODE           	23DE	0000	76
		_lcd_send_custom_char		CODE           	1AE6	0000	156
		_lcd_send_char_data		CODE           	1FB6	0000	102
		_lcd_set_curser		CODE           	1B82	0000	148
		_lcd_send_enable		CODE           	2706	0000	40
		_lcd_send_string		CODE           	1E02	0000	112
		_lcd_send_string_pos		CODE           	1D1C	0000	116
		_lcd_send_char_data_pos		CODE           	1F4E	0000	104
		_lcd_init      		CODE           	1956	0000	240

ECUAL/LCD/lcd.c estimated size: 1196

ECUAL/ecual_init.c
		_ecual_init    		CODE           	242A	0000	74

ECUAL/ecual_init.c estimated size: 74

MCAL/GPIO/gpio.c
		_gpio_pin_logic_write		CODE           	14A4	0000	308
		_gpio_pin_input_init		CODE           	233E	0000	80
		_gpio_pin_direction_init		CODE           	15D8	0000	308
		_gpio_pin_toggle_logic		CODE           	1C16	0000	140
		_gpio_pin_output_low_init		CODE           	20E4	0000	96

MCAL/GPIO/gpio.c estimated size: 932

MCAL/INTERRUPT/mcal_external_interrupt.c
		_interrupt_INTx_init		CODE           	2144	0000	88
		_interrupt_INTx_pin_init		CODE           	26DE	0000	40
		_interrupt_INTx_disable		CODE           	1E72	0000	110
		_RB4_ISR       		CODE           	27B0	0000	26
		_RB5_ISR       		CODE           	2796	0000	26
		_RB6_ISR       		CODE           	277C	0000	26
		_RB7_ISR       		CODE           	2762	0000	26
		_interrupt_INTx_edge_init		CODE           	183A	0000	284
		_INT0_set_InterruptHandler		CODE           	26B4	0000	42
		_interrupt_INTx_clear_flag		CODE           	1EE0	0000	110
		_INT1_set_InterruptHandler		CODE           	268A	0000	42
		_interrupt_INTx_enable		CODE           	1CA2	0000	122
		_INT2_set_InterruptHandler		CODE           	2660	0000	42
		_INT0_ISR      		CODE           	2606	0000	46
		_INTx_select_InterruptHandler		CODE           	1A46	0000	160
		_INT1_ISR      		CODE           	25D8	0000	46
		_INT2_ISR      		CODE           	25AA	0000	46

MCAL/INTERRUPT/mcal_external_interrupt.c estimated size: 1282

MCAL/INTERRUPT/mcall_interrupt_manager.c
		_InterruptManager		CODE           	0008	0000	668

MCAL/INTERRUPT/mcall_interrupt_manager.c estimated size: 668

shared
		__initialization		CODE           	219C	0000	76

shared estimated size: 76

ECUAL/LED/led.c
		_led_init      		CODE           	238E	0000	80
		_led_off       		CODE           	2246	0000	84
		_led_on        		CODE           	21F2	0000	84
		_led_toggle    		CODE           	2634	0000	44

ECUAL/LED/led.c estimated size: 292

app.c
		_wait_sign     		CODE           	272E	0000	26
		_harry_up_sign 		CODE           	2748	0000	26
		_main          		CODE           	12C0	0000	484
		_APP_INT_ISR   		CODE           	2082	0000	98
		_yellow_leds_toggle		CODE           	2474	0000	70
		_modes_checker 		CODE           	170C	0000	302
		_stop_sign     		CODE           	229A	0000	82
		_pedestrian_green_traffic_counter		CODE           	24BA	0000	70
		_move_sign     		CODE           	22EC	0000	82
		_app_init      		CODE           	27CA	0000	18

app.c estimated size: 1258

ECUAL/7_SEGMENT/seven_segment.c
		_seven_segment_write		CODE           	1D90	0000	114
		_seven_segment_init		CODE           	2500	0000	68

ECUAL/7_SEGMENT/seven_segment.c estimated size: 182

